Version: nightly
Build Time: 2026.05.10
Platform: windows (amd64)
OpenGL 3.3
RAM in Use: 190 MB / OS Reserved: 246 MB
Active Goroutines: 3
Timestamp: 2026-06-16 15:18:40

Engine error

Error: Attempted to access the top of an empty ByteCode stack.

goroutine 1 [running, locked to thread]:
github.com/yuin/gopher-lua.(*LState).PCall.func1()
	github.com/yuin/gopher-lua@v1.1.0/state.go:1988 +0x212
panic({0x7ff663d77640, 0x7ff663f71510})
	runtime/panic.go:884 +0x213
main.BytecodeStack.Top(...)
	github.com/ikemen-engine/Ikemen-GO/src/bytecode.go:1203
main.BytecodeExp.run({0xc00d6cd038?, 0x2, 0x8}, 0xc001121000)
	github.com/ikemen-engine/Ikemen-GO/src/bytecode.go:2079 +0x92c5
main.BytecodeExp.evalB({0xc00d6cd038?, 0x1ffffffff?, 0xc000290700?}, 0x15?)
	github.com/ikemen-engine/Ikemen-GO/src/bytecode.go:4382 +0x1e
main.StateBlock.Run({0x1, 0x4, 0xfffffffe, 0x0, {0xc00d6cd038, 0x2, 0x8}, 0x0, {0xc0008a1850, 0x1, ...}, ...}, ...)
	github.com/ikemen-engine/Ikemen-GO/src/bytecode.go:4651 +0x485
main.StateBlock.Run({0x1, 0xffffffff, 0xfffffffe, 0x0, {0x0, 0x0, 0x0}, 0x0, {0xc001b54100, 0x7, ...}, ...}, ...)
	github.com/ikemen-engine/Ikemen-GO/src/bytecode.go:4665 +0x5d7
main.(*StateBytecode).run(0xc0011211a8, 0xc000659260?)
	github.com/ikemen-engine/Ikemen-GO/src/bytecode.go:15026 +0x225
main.(*Char).actionRun(0xc001121000)
	github.com/ikemen-engine/Ikemen-GO/src/char.go:11560 +0x71f
main.(*CharList).action(0x7ff663cef558)
	github.com/ikemen-engine/Ikemen-GO/src/char.go:12933 +0xa8
main.(*System).action(0x7ff663cdad00)
	github.com/ikemen-engine/Ikemen-GO/src/system.go:2563 +0x36a
main.(*System).runMatch(0x7ff663cdad00)
	github.com/ikemen-engine/Ikemen-GO/src/system.go:3704 +0x3de
main.systemScriptInit.func78.2()
	github.com/ikemen-engine/Ikemen-GO/src/script.go:3021 +0x465
main.systemScriptInit.func78(0xc0001271e0)
	github.com/ikemen-engine/Ikemen-GO/src/script.go:3076 +0x37d
github.com/yuin/gopher-lua.callGFunction(0xc0001271e0, 0x0)
	github.com/yuin/gopher-lua@v1.1.0/vm.go:202 +0x37
github.com/yuin/gopher-lua.init.3.func26(0xc0001271e0, 0x18340085?, 0xc000090000?)
	github.com/yuin/gopher-lua@v1.1.0/vm.go:821 +0x379
github.com/yuin/gopher-lua.mainLoop(0xc0001271e0, 0xc000865800?)
	github.com/yuin/gopher-lua@v1.1.0/vm.go:31 +0xfa
github.com/yuin/gopher-lua.(*LState).callR(0xc0001271e0, 0x0, 0xffffffffffffffff, 0xc0000ba190?)
	github.com/yuin/gopher-lua@v1.1.0/state.go:1211 +0x1b4
github.com/yuin/gopher-lua.(*LState).Call(...)
	github.com/yuin/gopher-lua@v1.1.0/state.go:1967
github.com/yuin/gopher-lua.(*LState).PCall(0xc0001271e0, 0x0, 0xc000865800?, 0x0)
	github.com/yuin/gopher-lua@v1.1.0/state.go:2030 +0x145
github.com/yuin/gopher-lua.(*LState).DoFile(0xc0001271e0, {0xc000290161?, 0x0?})
	github.com/yuin/gopher-lua@v1.1.0/auxlib.go:396 +0x6b
main.realMain()
	github.com/ikemen-engine/Ikemen-GO/src/main.go:201 +0x4ec
main.main()
	github.com/ikemen-engine/Ikemen-GO/src/main.go:59 +0x17

stack traceback:
	[G]: in function 'game'
	external/script/main.lua:851: in function 'f_commandLine'
	external/script/main.lua:860: in main chunk
	[G]: ?

Go stack traceback:
goroutine 1 [running, locked to thread]:
runtime/debug.Stack()
	runtime/debug/stack.go:24 +0x65
main.handlePanic({0x7ff663d7a400?, 0xc00047dbc0})
	github.com/ikemen-engine/Ikemen-GO/src/main.go:362 +0x3e5
main.realMain.func1()
	github.com/ikemen-engine/Ikemen-GO/src/main.go:66 +0x2a
panic({0x7ff663d7a400, 0xc00047dbc0})
	runtime/panic.go:884 +0x213
main.realMain()
	github.com/ikemen-engine/Ikemen-GO/src/main.go:206 +0x573
main.main()
	github.com/ikemen-engine/Ikemen-GO/src/main.go:59 +0x17
