Version: v1.0.0-rc.2
Build Time: 2026.08.01
Platform: windows (amd64)
Vulkan 1.3.239
RAM in Use: 152 MB / OS Reserved: 277 MB
Active Goroutines: 3
Timestamp: 2026-08-09 18:06:13

Engine error

Error: external/script/main.lua:3500: chars/Garrow/Garrow.def:
common1.cns
open common1.cns: The system cannot find the file specified.
stack traceback:
	[G]: in function 'game'
	external/script/main.lua:3500: in function 'f'
	external/script/main.lua:2703: in function 'loop'
	external/script/main.lua:4039: in main chunk
	[G]: ?

Go stack traceback:
goroutine 1 [running, locked to thread]:
runtime/debug.Stack()
	runtime/debug/stack.go:24 +0x65
main.handlePanic({0x7ff758d0e5a0?, 0xc000ca0100})
	github.com/ikemen-engine/Ikemen-GO/src/main.go:372 +0x408
main.realMain.func1()
	github.com/ikemen-engine/Ikemen-GO/src/main.go:66 +0x2a
panic({0x7ff758d0e5a0, 0xc000ca0100})
	runtime/panic.go:884 +0x213
main.realMain()
	github.com/ikemen-engine/Ikemen-GO/src/main.go:206 +0x573
main.main()
	github.com/ikemen-engine/Ikemen-GO/src/main.go:59 +0x17
