Version: nightly
Build Time: 2026.05.10
Platform: windows (amd64)
OpenGL 3.3
RAM in Use: 199 MB / OS Reserved: 241 MB
Active Goroutines: 3
Timestamp: 2026-06-16 15:24:35

Engine error

Error: Attempted to access the top of an empty ByteCode stack.

goroutine 1 [running, locked to thread]:
github.com/yuin/gopher-lua.(*LState).PCall.func1()
	github.com/yuin/gopher-lua@v1.1.0/state.go:1988 +0x212
panic({0x7ff663d77640, 0x7ff663f71510})
	runtime/panic.go:884 +0x213
main.BytecodeStack.Top(...)
	github.com/ikemen-engine/Ikemen-GO/src/bytecode.go:1203
main.BytecodeExp.run({0xc00cfffe18?, 0x2, 0x8}, 0xc000173000)
	github.com/ikemen-engine/Ikemen-GO/src/bytecode.go:2079 +0x92c5
main.BytecodeExp.evalB({0xc00cfffe18?, 0x0?, 0xc00df1e210?}, 0x0?)
	github.com/ikemen-engine/Ikemen-GO/src/bytecode.go:4382 +0x1e
main.StateBlock.Run({0x1, 0x3, 0xfffffffe, 0x0, {0xc00cfffe18, 0x2, 0x8}, 0x0, {0xc000387430, 0x1, ...}, ...}, ...)
	github.com/ikemen-engine/Ikemen-GO/src/bytecode.go:4651 +0x485
main.StateBlock.Run({0x1, 0xffffffff, 0xfffffffe, 0x0, {0x0, 0x0, 0x0}, 0x0, {0xc0019b4d00, 0x5, ...}, ...}, ...)
	github.com/ikemen-engine/Ikemen-GO/src/bytecode.go:4665 +0x5d7
main.(*StateBytecode).run(0xc0001731a8, 0xc00000006a?)
	github.com/ikemen-engine/Ikemen-GO/src/bytecode.go:15026 +0x225
main.(*Char).changeStateEx(0xc000173000, 0x8?, 0x8?, 0xffffffff?, 0xffffffff, {0x0?, 0x7ff663e3fc9e?})
	github.com/ikemen-engine/Ikemen-GO/src/char.go:6518 +0x308
main.(*Char).changeState(...)
	github.com/ikemen-engine/Ikemen-GO/src/char.go:6527
main.changeState.Run({0xc00cfff288, 0x8, 0x8}, 0xc000173000, {0xc?, 0x10?, 0xc000173000?})
	github.com/ikemen-engine/Ikemen-GO/src/bytecode.go:5162 +0x16c
main.StateBlock.Run({0x1, 0x0, 0xfffffffe, 0x0, {0x0, 0x0, 0x0}, 0x0, {0xc000387280, 0x1, ...}, ...}, ...)
	github.com/ikemen-engine/Ikemen-GO/src/bytecode.go:4665 +0x5d7
main.StateBlock.Run({0x1, 0xffffffff, 0xfffffffe, 0x0, {0x0, 0x0, 0x0}, 0x0, {0xc000387290, 0x1, ...}, ...}, ...)
	github.com/ikemen-engine/Ikemen-GO/src/bytecode.go:4665 +0x5d7
main.(*StateBytecode).run(0xc0001731a8, 0xc0003df3b0?)
	github.com/ikemen-engine/Ikemen-GO/src/bytecode.go:15026 +0x225
main.(*Char).actionRun(0xc000173000)
	github.com/ikemen-engine/Ikemen-GO/src/char.go:11560 +0x71f
main.(*CharList).action(0x7ff663cef558)
	github.com/ikemen-engine/Ikemen-GO/src/char.go:12933 +0xa8
main.(*System).action(0x7ff663cdad00)
	github.com/ikemen-engine/Ikemen-GO/src/system.go:2563 +0x36a
main.(*System).runMatch(0x7ff663cdad00)
	github.com/ikemen-engine/Ikemen-GO/src/system.go:3704 +0x3de
main.systemScriptInit.func78.2()
	github.com/ikemen-engine/Ikemen-GO/src/script.go:3021 +0x465
main.systemScriptInit.func78(0xc0000dafd0)
	github.com/ikemen-engine/Ikemen-GO/src/script.go:3076 +0x37d
github.com/yuin/gopher-lua.callGFunction(0xc0000dafd0, 0x0)
	github.com/yuin/gopher-lua@v1.1.0/vm.go:202 +0x37
github.com/yuin/gopher-lua.init.3.func26(0xc0000dafd0, 0x18340085?, 0xc000462000?)
	github.com/yuin/gopher-lua@v1.1.0/vm.go:821 +0x379
github.com/yuin/gopher-lua.mainLoop(0xc0000dafd0, 0xc0005ab740?)
	github.com/yuin/gopher-lua@v1.1.0/vm.go:31 +0xfa
github.com/yuin/gopher-lua.(*LState).callR(0xc0000dafd0, 0x0, 0xffffffffffffffff, 0xc0000ca8c0?)
	github.com/yuin/gopher-lua@v1.1.0/state.go:1211 +0x1b4
github.com/yuin/gopher-lua.(*LState).Call(...)
	github.com/yuin/gopher-lua@v1.1.0/state.go:1967
github.com/yuin/gopher-lua.(*LState).PCall(0xc0000dafd0, 0x0, 0xc0005ab740?, 0x0)
	github.com/yuin/gopher-lua@v1.1.0/state.go:2030 +0x145
github.com/yuin/gopher-lua.(*LState).DoFile(0xc0000dafd0, {0xc000254021?, 0x0?})
	github.com/yuin/gopher-lua@v1.1.0/auxlib.go:396 +0x6b
main.realMain()
	github.com/ikemen-engine/Ikemen-GO/src/main.go:201 +0x4ec
main.main()
	github.com/ikemen-engine/Ikemen-GO/src/main.go:59 +0x17

stack traceback:
	[G]: in function 'game'
	external/script/main.lua:851: in function 'f_commandLine'
	external/script/main.lua:860: in main chunk
	[G]: ?

Go stack traceback:
goroutine 1 [running, locked to thread]:
runtime/debug.Stack()
	runtime/debug/stack.go:24 +0x65
main.handlePanic({0x7ff663d7a400?, 0xc00b7acec0})
	github.com/ikemen-engine/Ikemen-GO/src/main.go:362 +0x3e5
main.realMain.func1()
	github.com/ikemen-engine/Ikemen-GO/src/main.go:66 +0x2a
panic({0x7ff663d7a400, 0xc00b7acec0})
	runtime/panic.go:884 +0x213
main.realMain()
	github.com/ikemen-engine/Ikemen-GO/src/main.go:206 +0x573
main.main()
	github.com/ikemen-engine/Ikemen-GO/src/main.go:59 +0x17
